[themanifest.com/in/staffing/agencies.html]
[themanifest.com/themes/custom/themanifest/favicon.png]
[backblue.gif]
[fade.gif]
[index.html]
[tm.shgstatic.com/prod/public/css/css_xpv3aJxXT8b4noQLtOXwJdSUyvg4HhbFpAkBpKg-NXE.css]
[cdnjs.cloudflare.com/ajax/libs/font-awesome/5.12.0-1/css/all.min.css]
[tm.shgstatic.com/prod/public/css/css_o8R-57NbQafr2Uqyfo4fvyQJvOe2znjya1flCdQeKe8.css]
[tm.shgstatic.com/prod/public/css/css_3H2wuF6T9t7H_ETHRL97IKEVxsXoLKaIyOLGEWT3o4U.css]
[img.shgstatic.com/spm-prod/image/resize/1350x300/service_images/HR1_R2B.jpg]
[themanifest.com/themes/custom/themanifest/images/widget_logo.png]
[themanifest.com/themes/custom/themanifest/images/email-button.png]
[themanifest.com/themes/custom/themanifest/images/footer-logo.png]
[ajax.googleapis.com/ajax/libs/jquery/3.2.1/jquery.min.js]
[themanifest.com/cdn-cgi/scripts/5c5dd728/cloudflare-static/email-decode.min.js]
[tm.shgstatic.com/prod/public/js/js_rPUDu62IQTkNpUqdLrNGmqyIkh6W9apZs7RuAX7-pvs.js]
[stats.clutch.co/tracker.js]
[tm.shgstatic.com/prod/public/js/js_aqz4fjrWqbasyi5hzH-Q4l-Q76Wf8sMnRytvHIKTFPA.js]
[tm.shgstatic.com/prod/public/js/js_ehi1msVqWCDxj878XleljX0tGChsAVi5GTulOooGWqM.js]
[themanifest.com/in/staffing/agencies.html]
[tm.shgstatic.com/prod/public/js/js_1oEZpgzyqPZ46EH1dE7VbfglgVaQSxUzqbrtfK8hyTw.js]
[themanifest.com/core/misc/tree.png]
[tm.shgstatic.com/prod/public/css/css_xpv3aJxXT8b4noQLtOXwJdSUyvg4HhbFpAkBpKg-NXE.css]
[tm.shgstatic.com/prod/public/css/css_o8R-57NbQafr2Uqyfo4fvyQJvOe2znjya1flCdQeKe8.css]
[cdnjs.cloudflare.com/ajax/libs/font-awesome/5.12.0-1/css/all.min.css]
[tm.shgstatic.com/prod/public/css/css_3H2wuF6T9t7H_ETHRL97IKEVxsXoLKaIyOLGEWT3o4U.css]
